<?xml version="1.0" encoding="utf-8"?><testsuites name="pytest tests"><testsuite name="pytest" errors="0" failures="0" skipped="2" tests="46" time="1.734" timestamp="2026-05-24T15:08:42.460450-04:00" hostname="home"><testcase classname="test.test_settings_config" name="test_parse_toml_reads_current_directory_config" file="test\test_settings_config.py" line="5" time="0.012" /><testcase classname="test.test_settings_config" name="test_load_config_uses_defaults_when_pyproject_is_missing" file="test\test_settings_config.py" line="60" time="0.002" /><testcase classname="test.test_settings_config" name="test_load_config_reads_supported_values" file="test\test_settings_config.py" line="24" time="0.005" /><testcase classname="test.test_argv_mocking" name="test_safe_import_restores_argv_on_error" file="test\test_argv_mocking.py" line="33" time="0.018" /><testcase classname="test.test_argv_mocking" name="test_safe_import_mocks_argv" file="test\test_argv_mocking.py" line="6" time="0.013" /><testcase classname="test.test_cli" name="test_main_dispatches_to_html_generator" file="test\test_cli.py" line="21" time="0.001" /><testcase classname="test.test_cli" name="test_main_dispatches_to_gui" file="test\test_cli.py" line="10" time="0.030" /><testcase classname="test.test_main_options" name="test_process_docopts_applies_optional_cli_settings" file="test\test_main_options.py" line="7" time="0.004" /><testcase classname="test.test_main" name="test_process_docopts" file="test\test_main.py" line="5" time="0.012" /><testcase classname="test.test_module_utils" name="test_importfile" file="test\test_module_utils.py" line="5" time="0.001" /><testcase classname="test.test_live_generation" name="test_cli" file="test\test_live_generation.py" line="18" time="0.378" /><testcase classname="test.test_is_that_html5" name="test_bigsection" file="test\test_is_that_html5.py" line="50" time="0.005" /><testcase classname="test.test_is_that_html5" name="test_preformat" file="test\test_is_that_html5.py" line="60" time="0.001" /><testcase classname="test.test_is_that_html5" name="test_section" file="test\test_is_that_html5.py" line="41" time="0.003" /><testcase classname="test.test_is_that_html5" name="test_markup" file="test\test_is_that_html5.py" line="70" time="0.001" /><testcase classname="test.test_is_that_html5" name="test_docroutine" file="test\test_is_that_html5.py" line="23" time="0.002" /><testcase classname="test.test_is_that_html5" name="test_docother" file="test\test_is_that_html5.py" line="15" time="0.001" /><testcase classname="test.test_is_that_html5" name="test_docclass" file="test\test_is_that_html5.py" line="32" time="0.030" /><testcase classname="test.test_string_utils" name="test_stripid" file="test\test_string_utils.py" line="26" time="0.000" /><testcase classname="test.test_string_utils" name="test_cram_basic" file="test\test_string_utils.py" line="12" time="0.000" /><testcase classname="test.test_string_utils" name="test_cram_degenerate" file="test\test_string_utils.py" line="18" time="0.000" /><testcase classname="test.test_string_utils" name="test_replace" file="test\test_string_utils.py" line="3" time="0.000" /><testcase classname="test.test_rst_support" name="test_html_fragment_translator_methods" file="test\test_rst_support.py" line="15" time="0.018" /><testcase classname="test.test_rst_support" name="test_rst_to_html_returns_html_fragment" file="test\test_rst_support.py" line="6" time="0.004" /><testcase classname="test.test_utils" name="test_describe" file="test\test_utils.py" line="18" time="0.001" /><testcase classname="test.test_utils" name="test_finddoc" file="test\test_utils.py" line="100" time="0.001" /><testcase classname="test.test_utils" name="test_isdata" file="test\test_utils.py" line="68" time="0.000" /><testcase classname="test.test_skip_main" name="test_document_directory_skips_main" file="test\test_skip_main.py" line="5" time="0.015" /><testcase classname="test.test_path_utils" name="test_get_revised_path" file="test\test_path_utils.py" line="5" time="0.001" /><testcase classname="test.test_variety" name="test_document_class_module" file="test\test_variety.py" line="161" time="0.031" /><testcase classname="test.test_variety" name="test_document_by_relative_path" file="test\test_variety.py" line="285" time="0.019" /><testcase classname="test.test_variety" name="test_document_private" file="test\test_variety.py" line="263" time="0.029" /><testcase classname="test.test_variety" name="test_document_package" file="test\test_variety.py" line="182" time="0.041" /><testcase classname="test.test_variety" name="test_document_inheritance" file="test\test_variety.py" line="221" time="0.029" /><testcase classname="test.test_variety" name="test_document_properties" file="test\test_variety.py" line="244" time="0.047" /><testcase classname="test.test_variety" name="test_document_module_with_all" file="test\test_variety.py" line="204" time="0.028" /><testcase classname="test.test_variety" name="test_document_simple_module" file="test\test_variety.py" line="141" time="0.023" /><testcase classname="test.test_document_single_files" name="test_single_file_pydocfodder_as_dot_py" file="test\test_document_single_files.py" line="55" time="0.004"><skipped type="pytest.skip" message="Fails if output drive differs from temp drive">C:\github\pydoc_fork\test\test_document_single_files.py:56: Fails if output drive differs from temp drive</skipped></testcase><testcase classname="test.test_document_single_files" name="test_single_file_pydocfodder" file="test\test_document_single_files.py" line="23" time="0.000"><skipped type="pytest.skip" message="Fails if output drive differs from temp drive">C:\github\pydoc_fork\test\test_document_single_files.py:24: Fails if output drive differs from temp drive</skipped></testcase><testcase classname="test.test_fix_links_to_stdlib" name="test_getdocloc_sys" file="test\test_fix_links_to_stdlib.py" line="22" time="0.001" /><testcase classname="test.test_fix_links_to_stdlib" name="test_getdocloc_datetime" file="test\test_fix_links_to_stdlib.py" line="8" time="0.001" /><testcase classname="test.test_formatter_html" name="test_HTMLDoc_document_module" file="test\test_formatter_html.py" line="18" time="0.018" /><testcase classname="test.test_formatter_html" name="test_HTMLDoc_document_routine" file="test\test_formatter_html.py" line="42" time="0.001" /><testcase classname="test.test_formatter_html" name="test_HTMLDoc_document_other" file="test\test_formatter_html.py" line="58" time="0.001" /><testcase classname="test.test_formatter_html" name="test_HTMLDoc_document_class" file="test\test_formatter_html.py" line="31" time="0.002" /><testcase classname="test.test_formatter_html" name="test_HTMLDoc_index" file="test\test_formatter_html.py" line="5" time="0.001" /></testsuite></testsuites>